// Vitest Snapshot v1, https://vitest.dev/guide/snapshot.html

exports[`bg arbitrary 1`] = `
"/* layer: default */
.bg-\\[url\\(\\'\\/img\\/hero-pattern\\.svg\\'\\)\\]{background-image:url('/img/hero-pattern.svg');}
.bg-\\[url\\(\\"\\/img\\/hero-pattern\\.svg\\"\\)\\]{background-image:url("/img/hero-pattern.svg");}
.bg-\\[url\\(\\"data\\:image\\/svg\\+xml\\,\\%3csvg\\ xmlns\\=\\'http\\:\\/\\/www\\.w3\\.org\\/2000\\/svg\\'\\ viewBox\\=\\'0\\ 0\\ 16\\ 16\\'\\ fill\\=\\'white\\'\\%3e\\%3cpath\\ d\\=\\'M12\\.207\\ 4\\.793a1\\ 1\\ 0\\ 010\\ 1\\.414l-5\\ 5a1\\ 1\\ 0\\ 01-1\\.414\\ 0l-2-2a1\\ 1\\ 0\\ 011\\.414-1\\.414L6\\.5\\ 9\\.086l4\\.293-4\\.293a1\\ 1\\ 0\\ 011\\.414\\ 0z\\'\\/\\%3e\\%3c\\/svg\\%3e\\"\\)\\]{background-image:url("data:image/svg+xml,%3csvg xmlns='http://www.w3.org/2000/svg' viewBox='0 0 16 16' fill='white'%3e%3cpath d='M12.207 4.793a1 1 0 010 1.414l-5 5a1 1 0 01-1.414 0l-2-2a1 1 0 011.414-1.414L6.5 9.086l4.293-4.293a1 1 0 011.414 0z'/%3e%3c/svg%3e");}
.peer:checked~.peer-checked\\:before\\:bg-\\[url\\(\\'data\\:image\\/svg\\+xml\\,\\%3Csvg\\ width\\=\\"16\\"\\ height\\=\\"16\\"\\ viewBox\\=\\"0\\ 0\\ 16\\ 16\\"\\ fill\\=\\"none\\"\\ xmlns\\=\\"http\\:\\/\\/www\\.w3\\.org\\/2000\\/svg\\"\\%3E\\%3Cpath\\ d\\=\\"M4\\ 8L7\\ 11L12\\.5\\ 5\\"\\ stroke\\=\\"\\%2371717A\\"\\ stroke-width\\=\\"1\\.5\\"\\ stroke-linecap\\=\\"round\\"\\ stroke-linejoin\\=\\"round\\"\\/\\%3E\\%3C\\/svg\\%3E\\'\\)\\]::before{background-image:url('data:image/svg+xml,%3Csvg width="16" height="16" viewBox="0 0 16 16" fill="none" xmlns="http://www.w3.org/2000/svg"%3E%3Cpath d="M4 8L7 11L12.5 5" stroke="%2371717A" stroke-width="1.5" stroke-linecap="round" stroke-linejoin="round"/%3E%3C/svg%3E');}
.before\\:bg-\\[url\\(var\\(--w-form-check-mark\\)\\)\\]::before{background-image:var(--w-form-check-mark);}"
`;

exports[`bg attachments 1`] = `
"/* layer: default */
.bg-fixed{background-attachment:fixed;}
.bg-local{background-attachment:local;}
.bg-scroll{background-attachment:scroll;}"
`;

exports[`bg clip 1`] = `
"/* layer: default */
.bg-clip-border{-webkit-background-clip:border-box;background-clip:border-box;}
.bg-clip-content{-webkit-background-clip:content-box;background-clip:content-box;}
.bg-clip-padding{-webkit-background-clip:padding-box;background-clip:padding-box;}
.bg-clip-text{-webkit-background-clip:text;background-clip:text;}
.bg-clip-inherit{-webkit-background-clip:inherit;background-clip:inherit;}
.bg-clip-initial{-webkit-background-clip:initial;background-clip:initial;}
.bg-clip-revert{-webkit-background-clip:revert;background-clip:revert;}
.bg-clip-revert-layer{-webkit-background-clip:revert-layer;background-clip:revert-layer;}
.bg-clip-unset{-webkit-background-clip:unset;background-clip:unset;}"
`;

exports[`bg origins 1`] = `
"/* layer: default */
.bg-origin-border{background-origin:border-box;}
.bg-origin-padding{background-origin:padding-box;}
.bg-origin-content{background-origin:content-box;}"
`;

exports[`bg positions 1`] = `
"/* layer: default */
.bg-bottom{background-position:bottom;}
.bg-center{background-position:center;}
.bg-left{background-position:left;}
.bg-right{background-position:right;}
.bg-top{background-position:top;}
.bg-bottom-bottom{background-position:bottom bottom;}
.bg-bottom-center{background-position:bottom center;}
.bg-bottom-left{background-position:bottom left;}
.bg-bottom-right{background-position:bottom right;}
.bg-bottom-top{background-position:bottom top;}
.bg-center-bottom{background-position:center bottom;}
.bg-center-center{background-position:center center;}
.bg-center-left{background-position:center left;}
.bg-center-right{background-position:center right;}
.bg-center-top{background-position:center top;}
.bg-left-bottom{background-position:left bottom;}
.bg-left-center{background-position:left center;}
.bg-left-left{background-position:left left;}
.bg-left-right{background-position:left right;}
.bg-left-top{background-position:left top;}
.bg-right-bottom{background-position:right bottom;}
.bg-right-center{background-position:right center;}
.bg-right-left{background-position:right left;}
.bg-right-right{background-position:right right;}
.bg-right-top{background-position:right top;}
.bg-top-bottom{background-position:top bottom;}
.bg-top-center{background-position:top center;}
.bg-top-left{background-position:top left;}
.bg-top-right{background-position:top right;}
.bg-top-top{background-position:top top;}"
`;

exports[`bg repeats 1`] = `
"/* layer: default */
.bg-repeat{background-repeat:repeat;}
.bg-no-repeat{background-repeat:no-repeat;}
.bg-repeat-x{background-repeat:repeat-x;}
.bg-repeat-y{background-repeat:repeat-y;}
.bg-repeat-round{background-repeat:round;}
.bg-repeat-space{background-repeat:space;}"
`;

exports[`bg size 1`] = `
"/* layer: default */
.bg-auto{background-size:auto;}
.bg-cover{background-size:cover;}
.bg-contain{background-size:contain;}"
`;

exports[`supports setting arbitrary background colors 1`] = `
"/* layer: default */
.bg-\\[--w-s-color-background\\],
.bg-\\[var\\(--w-s-color-background\\)\\]{background-color:var(--w-s-color-background);}"
`;
