// Vitest Snapshot v1, https://vitest.dev/guide/snapshot.html

exports[`bg colors 1`] = `
"/* layer: default */
.bg-inherit{background-color:inherit;}
.bg-transparent{background-color:transparent;}
.bg-current{background-color:currentColor;}"
`;

exports[`caret 1`] = `
"/* layer: default */
.caret-inherit{caret-color:inherit;}
.caret-transparent{caret-color:transparent;}
.caret-current{caret-color:currentColor;}"
`;

exports[`opacity by theme 1`] = `
"/* layer: default */
.opacity-0{opacity:0%;}
.opacity-100{opacity:100%;}
.opacity-25{opacity:25%;}
.opacity-50{opacity:50%;}
.opacity-75{opacity:75%;}"
`;

exports[`supports setting arbitrary outline color variables with alpha channel 1`] = `
"/* layer: default */
.text-\\[--w-black\\/90\\]{color:rgba(var(--w-rgb-black),0.9);}
.text-\\[--w-rgb-black\\/75\\]{color:rgba(var(--w-rgb-black),0.75);}
.text-\\[--w-rgb-white\\/0\\]{color:rgba(var(--w-rgb-white),0);}
.text-\\[--w-s-color-background-positive-selected-hover\\/100\\]{color:rgba(var(--w-s-rgb-background-positive-selected-hover),1);}
.text-\\[--w-s-color-background\\/5\\]{color:rgba(var(--w-s-rgb-background),0.05);}
.text-\\[--w-white\\/5\\]{color:rgba(var(--w-rgb-white),0.05);}
.text-\\[var\\(--w-black\\)\\/100\\]{color:rgba(var(--w-rgb-black),1);}
.text-\\[var\\(--w-color-text-link-active\\)\\/55\\]{color:rgba(var(--w-rgb-text-link-active),0.55);}
.text-\\[var\\(--w-s-color-border\\)\\/60\\]{color:rgba(var(--w-s-rgb-border),0.6);}
.text-\\[var\\(--w-s-rgb-border-disabled\\)\\/12\\]{color:rgba(var(--w-s-rgb-border-disabled),0.12);}"
`;

exports[`supports setting arbitrary text colors 1`] = `
"/* layer: default */
.text-\\[--w-s-color-border\\],
.text-\\[var\\(--w-s-color-border\\)\\]{color:var(--w-s-color-border);}"
`;

exports[`text colors 1`] = `
"/* layer: default */
.text-transparent{color:transparent;}
.text-current{color:currentColor;}"
`;
