// Vitest Snapshot v1, https://vitest.dev/guide/snapshot.html

exports[`bg colors 1`] = `
"/* layer: default */
.bg{background-color:var(--w-color-background);}
.bg-subtle{background-color:var(--w-color-background-subtle);}
.bg-inherit{background-color:inherit;}
.bg-transparent{background-color:transparent;}
.bg-current{background-color:currentColor;}"
`;

exports[`caret 1`] = `
"/* layer: default */
.caret-inherit{caret-color:inherit;}
.caret-current{caret-color:currentColor;}
.caret-transparent{caret-color:transparent;}"
`;

exports[`opacity by theme 1`] = `
"/* layer: default */
.opacity-0{opacity:0%;}
.opacity-100{opacity:100%;}
.opacity-25{opacity:25%;}
.opacity-50{opacity:50%;}"
`;

exports[`text colors 1`] = `
"/* layer: default */
.text{color:var(--w-color-text);}
.text-inverted{color:var(--w-color-text-inverted);}
.text-inverted-subtle{color:var(--w-color-text-inverted-subtle);}
.text-subtle{color:var(--w-color-text-subtle);}"
`;
