// Vitest Snapshot v1

exports[`display > should render styles for arbitrary values 1`] = `
"/* layer: default */
.display-inherit{display:inherit;}
.display-initial{display:initial;}
.display-revert{display:revert;}
.display-revert-layer{display:revert-layer;}
.display-unset{display:unset;}"
`;

exports[`display > should render styles for static classes 1`] = `
"/* layer: default */
.flex{display:flex;}
.inline-flex{display:inline-flex;}
.grid{display:grid;}
.inline-grid{display:inline-grid;}
.inline{display:inline;}
.block{display:block;}
.inline-block{display:inline-block;}
.contents{display:contents;}
.flow-root{display:flow-root;}
.list-item{display:list-item;}
.hidden{display:none;}
.inline-table{display:inline-table;}
.table{display:table;}
.table-caption{display:table-caption;}
.table-cell{display:table-cell;}
.table-column{display:table-column;}
.table-column-group{display:table-column-group;}
.table-footer-group{display:table-footer-group;}
.table-header-group{display:table-header-group;}
.table-row{display:table-row;}
.table-row-group{display:table-row-group;}"
`;
