// Vitest Snapshot v1

exports[`line-clamp > should render styles for static classes 1`] = `
"/* layer: default */
.line-clamp-1{overflow:hidden;display:-webkit-box;-webkit-box-orient:vertical;-webkit-line-clamp:1;line-clamp:1;}
.line-clamp-2{overflow:hidden;display:-webkit-box;-webkit-box-orient:vertical;-webkit-line-clamp:2;line-clamp:2;}
.line-clamp-3{overflow:hidden;display:-webkit-box;-webkit-box-orient:vertical;-webkit-line-clamp:3;line-clamp:3;}
.line-clamp-4{overflow:hidden;display:-webkit-box;-webkit-box-orient:vertical;-webkit-line-clamp:4;line-clamp:4;}
.line-clamp-5{overflow:hidden;display:-webkit-box;-webkit-box-orient:vertical;-webkit-line-clamp:5;line-clamp:5;}
.line-clamp-6{overflow:hidden;display:-webkit-box;-webkit-box-orient:vertical;-webkit-line-clamp:6;line-clamp:6;}
.line-clamp-7{overflow:hidden;display:-webkit-box;-webkit-box-orient:vertical;-webkit-line-clamp:7;line-clamp:7;}
.line-clamp-8{overflow:hidden;display:-webkit-box;-webkit-box-orient:vertical;-webkit-line-clamp:8;line-clamp:8;}
.line-clamp-9{overflow:hidden;display:-webkit-box;-webkit-box-orient:vertical;-webkit-line-clamp:9;line-clamp:9;}"
`;
