// Vitest Snapshot v1, https://vitest.dev/guide/snapshot.html

exports[`outline > offset 1`] = `
"/* layer: default */
.outline-offset-0{outline-offset:0;}
.outline-offset-1{outline-offset:1px;}
.outline-offset-2{outline-offset:2px;}
.outline-offset-4{outline-offset:4px;}
.outline-offset-8{outline-offset:8px;}"
`;

exports[`outline > supports setting outline colors 1`] = `
"/* layer: default */
.outline-inherit{outline-color:inherit;}
.outline-transparent{outline-color:transparent;}
.outline-current{outline-color:currentColor;}
.outline-\\[--w-s-color-border\\],
.outline-\\[var\\(--w-s-color-border\\)\\]{outline-color:var(--w-s-color-border);}"
`;

exports[`outline > supports setting outline styles 1`] = `
"/* layer: default */
.outline-none{outline:2px solid transparent;outline-offset:2px;}
.outline{outline-style:solid;}
.outline-dashed{outline-style:dashed;}
.outline-dotted{outline-style:dotted;}
.outline-double{outline-style:double;}"
`;

exports[`outline > width 1`] = `
"/* layer: default */
.outline-0{outline-width:0;}
.outline-1{outline-width:1px;}
.outline-2{outline-width:2px;}
.outline-4{outline-width:4px;}
.outline-8{outline-width:8px;}"
`;
