// Vitest Snapshot v1, https://vitest.dev/guide/snapshot.html

exports[`arbitrary box-shadows work 1`] = `
"/* layer: default */
.shadow-\\[--w-shadow-m\\]{box-shadow:var(--w-shadow-m);}
.shadow-\\[0_6px_12px_rgba\\(0\\,0\\,0\\,\\.2\\)\\,0_10px_20px_rgba\\(0\\,0\\,0\\,\\.1\\)\\]{box-shadow:0rem 6px 12px rgba(0,0,0,.2),0 10px 20px rgba(0,0,0,.1);}
.shadow-\\[var\\(--arbitrary-shadow-var\\)\\]{box-shadow:var(--arbitrary-shadow-var);}"
`;

exports[`drop shadows 1`] = `
"/* layer: default */
.drop-shadow-l{filter:drop-shadow(rgba(64, 64, 64, .23) 0 6px 8px) drop-shadow(rgba(64, 64, 64, .19) 0 10px 20px);}
.drop-shadow-m{filter:drop-shadow(rgba(64, 64, 64, .24) 0 3px 8px) drop-shadow(rgba(64, 64, 64, .16) 0 3px 6px);}
.drop-shadow-s{filter:drop-shadow(rgba(64, 64, 64, .16) 0 1px 6px) drop-shadow(rgba(64, 64, 64, .24) 0 1px 1px);}
.drop-shadow-xl{filter:drop-shadow(rgba(64, 64, 64, .22) 0 9px 12px) drop-shadow(rgba(64, 64, 64, .25) 0 14px 28px);}"
`;

exports[`shadows work 1`] = `
"/* layer: default */
.shadow-l{box-shadow:var(--w-shadow-l);}
.shadow-m{box-shadow:var(--w-shadow-m);}
.shadow-s{box-shadow:var(--w-shadow-s);}
.shadow-xl{box-shadow:var(--w-shadow-xl);}"
`;
