// Vitest Snapshot v1

exports[`space-x 1`] = `
"/* layer: default */
.space-x-0>:not([hidden])~:not([hidden]){--w-space-x-reverse:0;margin-left:calc(0rem * calc(1 - var(--w-space-x-reverse)));margin-right:calc(0rem * var(--w-space-x-reverse));}
.space-x,
.space-x-1>:not([hidden])~:not([hidden]){--w-space-x-reverse:0;margin-left:calc(0.1rem * calc(1 - var(--w-space-x-reverse)));margin-right:calc(0.1rem * var(--w-space-x-reverse));}
.space-x-10>:not([hidden])~:not([hidden]){--w-space-x-reverse:0;margin-left:calc(1rem * calc(1 - var(--w-space-x-reverse)));margin-right:calc(1rem * var(--w-space-x-reverse));}
.space-x-112>:not([hidden])~:not([hidden]){--w-space-x-reverse:0;margin-left:calc(11.2rem * calc(1 - var(--w-space-x-reverse)));margin-right:calc(11.2rem * var(--w-space-x-reverse));}
.space-x-12>:not([hidden])~:not([hidden]){--w-space-x-reverse:0;margin-left:calc(1.2rem * calc(1 - var(--w-space-x-reverse)));margin-right:calc(1.2rem * var(--w-space-x-reverse));}
.space-x-128>:not([hidden])~:not([hidden]){--w-space-x-reverse:0;margin-left:calc(12.8rem * calc(1 - var(--w-space-x-reverse)));margin-right:calc(12.8rem * var(--w-space-x-reverse));}
.space-x-14>:not([hidden])~:not([hidden]){--w-space-x-reverse:0;margin-left:calc(1.4rem * calc(1 - var(--w-space-x-reverse)));margin-right:calc(1.4rem * var(--w-space-x-reverse));}
.space-x-144>:not([hidden])~:not([hidden]){--w-space-x-reverse:0;margin-left:calc(14.4rem * calc(1 - var(--w-space-x-reverse)));margin-right:calc(14.4rem * var(--w-space-x-reverse));}
.space-x-16>:not([hidden])~:not([hidden]){--w-space-x-reverse:0;margin-left:calc(1.6rem * calc(1 - var(--w-space-x-reverse)));margin-right:calc(1.6rem * var(--w-space-x-reverse));}
.space-x-2>:not([hidden])~:not([hidden]){--w-space-x-reverse:0;margin-left:calc(0.2rem * calc(1 - var(--w-space-x-reverse)));margin-right:calc(0.2rem * var(--w-space-x-reverse));}
.space-x-20>:not([hidden])~:not([hidden]){--w-space-x-reverse:0;margin-left:calc(2rem * calc(1 - var(--w-space-x-reverse)));margin-right:calc(2rem * var(--w-space-x-reverse));}
.space-x-24>:not([hidden])~:not([hidden]){--w-space-x-reverse:0;margin-left:calc(2.4rem * calc(1 - var(--w-space-x-reverse)));margin-right:calc(2.4rem * var(--w-space-x-reverse));}
.space-x-28>:not([hidden])~:not([hidden]){--w-space-x-reverse:0;margin-left:calc(2.8rem * calc(1 - var(--w-space-x-reverse)));margin-right:calc(2.8rem * var(--w-space-x-reverse));}
.space-x-32>:not([hidden])~:not([hidden]){--w-space-x-reverse:0;margin-left:calc(3.2rem * calc(1 - var(--w-space-x-reverse)));margin-right:calc(3.2rem * var(--w-space-x-reverse));}
.space-x-4>:not([hidden])~:not([hidden]){--w-space-x-reverse:0;margin-left:calc(0.4rem * calc(1 - var(--w-space-x-reverse)));margin-right:calc(0.4rem * var(--w-space-x-reverse));}
.space-x-40>:not([hidden])~:not([hidden]){--w-space-x-reverse:0;margin-left:calc(4rem * calc(1 - var(--w-space-x-reverse)));margin-right:calc(4rem * var(--w-space-x-reverse));}
.space-x-44>:not([hidden])~:not([hidden]){--w-space-x-reverse:0;margin-left:calc(4.4rem * calc(1 - var(--w-space-x-reverse)));margin-right:calc(4.4rem * var(--w-space-x-reverse));}
.space-x-48>:not([hidden])~:not([hidden]){--w-space-x-reverse:0;margin-left:calc(4.8rem * calc(1 - var(--w-space-x-reverse)));margin-right:calc(4.8rem * var(--w-space-x-reverse));}
.space-x-56>:not([hidden])~:not([hidden]){--w-space-x-reverse:0;margin-left:calc(5.6rem * calc(1 - var(--w-space-x-reverse)));margin-right:calc(5.6rem * var(--w-space-x-reverse));}
.space-x-6>:not([hidden])~:not([hidden]){--w-space-x-reverse:0;margin-left:calc(0.6rem * calc(1 - var(--w-space-x-reverse)));margin-right:calc(0.6rem * var(--w-space-x-reverse));}
.space-x-64>:not([hidden])~:not([hidden]){--w-space-x-reverse:0;margin-left:calc(6.4rem * calc(1 - var(--w-space-x-reverse)));margin-right:calc(6.4rem * var(--w-space-x-reverse));}
.space-x-8>:not([hidden])~:not([hidden]){--w-space-x-reverse:0;margin-left:calc(0.8rem * calc(1 - var(--w-space-x-reverse)));margin-right:calc(0.8rem * var(--w-space-x-reverse));}
.space-x-80>:not([hidden])~:not([hidden]){--w-space-x-reverse:0;margin-left:calc(8rem * calc(1 - var(--w-space-x-reverse)));margin-right:calc(8rem * var(--w-space-x-reverse));}
.space-x-96>:not([hidden])~:not([hidden]){--w-space-x-reverse:0;margin-left:calc(9.6rem * calc(1 - var(--w-space-x-reverse)));margin-right:calc(9.6rem * var(--w-space-x-reverse));}
.space-x-reverse>:not([hidden])~:not([hidden]){--w-space-x-reverse:1;}"
`;

exports[`space-y 1`] = `
"/* layer: default */
.space-y-0>:not([hidden])~:not([hidden]){--w-space-y-reverse:0;margin-top:calc(0rem * calc(1 - var(--w-space-y-reverse)));margin-bottom:calc(0rem * var(--w-space-y-reverse));}
.space-y,
.space-y-1>:not([hidden])~:not([hidden]){--w-space-y-reverse:0;margin-top:calc(0.1rem * calc(1 - var(--w-space-y-reverse)));margin-bottom:calc(0.1rem * var(--w-space-y-reverse));}
.space-y-10>:not([hidden])~:not([hidden]){--w-space-y-reverse:0;margin-top:calc(1rem * calc(1 - var(--w-space-y-reverse)));margin-bottom:calc(1rem * var(--w-space-y-reverse));}
.space-y-112>:not([hidden])~:not([hidden]){--w-space-y-reverse:0;margin-top:calc(11.2rem * calc(1 - var(--w-space-y-reverse)));margin-bottom:calc(11.2rem * var(--w-space-y-reverse));}
.space-y-12>:not([hidden])~:not([hidden]){--w-space-y-reverse:0;margin-top:calc(1.2rem * calc(1 - var(--w-space-y-reverse)));margin-bottom:calc(1.2rem * var(--w-space-y-reverse));}
.space-y-128>:not([hidden])~:not([hidden]){--w-space-y-reverse:0;margin-top:calc(12.8rem * calc(1 - var(--w-space-y-reverse)));margin-bottom:calc(12.8rem * var(--w-space-y-reverse));}
.space-y-14>:not([hidden])~:not([hidden]){--w-space-y-reverse:0;margin-top:calc(1.4rem * calc(1 - var(--w-space-y-reverse)));margin-bottom:calc(1.4rem * var(--w-space-y-reverse));}
.space-y-144>:not([hidden])~:not([hidden]){--w-space-y-reverse:0;margin-top:calc(14.4rem * calc(1 - var(--w-space-y-reverse)));margin-bottom:calc(14.4rem * var(--w-space-y-reverse));}
.space-y-16>:not([hidden])~:not([hidden]){--w-space-y-reverse:0;margin-top:calc(1.6rem * calc(1 - var(--w-space-y-reverse)));margin-bottom:calc(1.6rem * var(--w-space-y-reverse));}
.space-y-2>:not([hidden])~:not([hidden]){--w-space-y-reverse:0;margin-top:calc(0.2rem * calc(1 - var(--w-space-y-reverse)));margin-bottom:calc(0.2rem * var(--w-space-y-reverse));}
.space-y-20>:not([hidden])~:not([hidden]){--w-space-y-reverse:0;margin-top:calc(2rem * calc(1 - var(--w-space-y-reverse)));margin-bottom:calc(2rem * var(--w-space-y-reverse));}
.space-y-24>:not([hidden])~:not([hidden]){--w-space-y-reverse:0;margin-top:calc(2.4rem * calc(1 - var(--w-space-y-reverse)));margin-bottom:calc(2.4rem * var(--w-space-y-reverse));}
.space-y-28>:not([hidden])~:not([hidden]){--w-space-y-reverse:0;margin-top:calc(2.8rem * calc(1 - var(--w-space-y-reverse)));margin-bottom:calc(2.8rem * var(--w-space-y-reverse));}
.space-y-32>:not([hidden])~:not([hidden]){--w-space-y-reverse:0;margin-top:calc(3.2rem * calc(1 - var(--w-space-y-reverse)));margin-bottom:calc(3.2rem * var(--w-space-y-reverse));}
.space-y-4>:not([hidden])~:not([hidden]){--w-space-y-reverse:0;margin-top:calc(0.4rem * calc(1 - var(--w-space-y-reverse)));margin-bottom:calc(0.4rem * var(--w-space-y-reverse));}
.space-y-40>:not([hidden])~:not([hidden]){--w-space-y-reverse:0;margin-top:calc(4rem * calc(1 - var(--w-space-y-reverse)));margin-bottom:calc(4rem * var(--w-space-y-reverse));}
.space-y-44>:not([hidden])~:not([hidden]){--w-space-y-reverse:0;margin-top:calc(4.4rem * calc(1 - var(--w-space-y-reverse)));margin-bottom:calc(4.4rem * var(--w-space-y-reverse));}
.space-y-48>:not([hidden])~:not([hidden]){--w-space-y-reverse:0;margin-top:calc(4.8rem * calc(1 - var(--w-space-y-reverse)));margin-bottom:calc(4.8rem * var(--w-space-y-reverse));}
.space-y-56>:not([hidden])~:not([hidden]){--w-space-y-reverse:0;margin-top:calc(5.6rem * calc(1 - var(--w-space-y-reverse)));margin-bottom:calc(5.6rem * var(--w-space-y-reverse));}
.space-y-6>:not([hidden])~:not([hidden]){--w-space-y-reverse:0;margin-top:calc(0.6rem * calc(1 - var(--w-space-y-reverse)));margin-bottom:calc(0.6rem * var(--w-space-y-reverse));}
.space-y-64>:not([hidden])~:not([hidden]){--w-space-y-reverse:0;margin-top:calc(6.4rem * calc(1 - var(--w-space-y-reverse)));margin-bottom:calc(6.4rem * var(--w-space-y-reverse));}
.space-y-8>:not([hidden])~:not([hidden]){--w-space-y-reverse:0;margin-top:calc(0.8rem * calc(1 - var(--w-space-y-reverse)));margin-bottom:calc(0.8rem * var(--w-space-y-reverse));}
.space-y-80>:not([hidden])~:not([hidden]){--w-space-y-reverse:0;margin-top:calc(8rem * calc(1 - var(--w-space-y-reverse)));margin-bottom:calc(8rem * var(--w-space-y-reverse));}
.space-y-96>:not([hidden])~:not([hidden]){--w-space-y-reverse:0;margin-top:calc(9.6rem * calc(1 - var(--w-space-y-reverse)));margin-bottom:calc(9.6rem * var(--w-space-y-reverse));}
.space-y-reverse>:not([hidden])~:not([hidden]){--w-space-y-reverse:1;}"
`;
