// Vitest Snapshot v1, https://vitest.dev/guide/snapshot.html

exports[`origin 1`] = `
"/* layer: default */
.origin-b,
.origin-bottom{transform-origin:bottom;}
.origin-bc,
.origin-bottom-center{transform-origin:bottom center;}
.origin-bl,
.origin-bottom-left{transform-origin:bottom left;}
.origin-bottom-right,
.origin-br{transform-origin:bottom right;}
.origin-c,
.origin-center{transform-origin:center;}
.origin-cb,
.origin-center-bottom{transform-origin:center bottom;}
.origin-cc,
.origin-center-center{transform-origin:center center;}
.origin-center-left,
.origin-cl{transform-origin:center left;}
.origin-center-right,
.origin-cr{transform-origin:center right;}
.origin-center-top,
.origin-ct{transform-origin:center top;}
.origin-l,
.origin-left{transform-origin:left;}
.origin-lb,
.origin-left-bottom{transform-origin:left bottom;}
.origin-lc,
.origin-left-center{transform-origin:left center;}
.origin-left-top,
.origin-lt{transform-origin:left top;}
.origin-r,
.origin-right{transform-origin:right;}
.origin-rb,
.origin-right-bottom{transform-origin:right bottom;}
.origin-rc,
.origin-right-center{transform-origin:right center;}
.origin-right-top,
.origin-rt{transform-origin:right top;}
.origin-t,
.origin-top{transform-origin:top;}
.origin-tc,
.origin-top-center{transform-origin:top center;}
.origin-tl,
.origin-top-left{transform-origin:top left;}
.origin-top-right,
.origin-tr{transform-origin:top right;}"
`;

exports[`rotate 1`] = `
"/* layer: default */
.rotate-0{--w-rotate-x:0;--w-rotate-y:0;--w-rotate-z:0;--w-rotate:0deg;transform:translateX(var(--w-translate-x)) translateY(var(--w-translate-y)) translateZ(var(--w-translate-z)) rotate(var(--w-rotate)) rotateX(var(--w-rotate-x)) rotateY(var(--w-rotate-y)) rotateZ(var(--w-rotate-z)) skewX(var(--w-skew-x)) skewY(var(--w-skew-y)) scaleX(var(--w-scale-x)) scaleY(var(--w-scale-y)) scaleZ(var(--w-scale-z));}
.rotate-1{--w-rotate-x:0;--w-rotate-y:0;--w-rotate-z:0;--w-rotate:1deg;transform:translateX(var(--w-translate-x)) translateY(var(--w-translate-y)) translateZ(var(--w-translate-z)) rotate(var(--w-rotate)) rotateX(var(--w-rotate-x)) rotateY(var(--w-rotate-y)) rotateZ(var(--w-rotate-z)) skewX(var(--w-skew-x)) skewY(var(--w-skew-y)) scaleX(var(--w-scale-x)) scaleY(var(--w-scale-y)) scaleZ(var(--w-scale-z));}
.rotate-12{--w-rotate-x:0;--w-rotate-y:0;--w-rotate-z:0;--w-rotate:12deg;transform:translateX(var(--w-translate-x)) translateY(var(--w-translate-y)) translateZ(var(--w-translate-z)) rotate(var(--w-rotate)) rotateX(var(--w-rotate-x)) rotateY(var(--w-rotate-y)) rotateZ(var(--w-rotate-z)) skewX(var(--w-skew-x)) skewY(var(--w-skew-y)) scaleX(var(--w-scale-x)) scaleY(var(--w-scale-y)) scaleZ(var(--w-scale-z));}
.rotate-180{--w-rotate-x:0;--w-rotate-y:0;--w-rotate-z:0;--w-rotate:180deg;transform:translateX(var(--w-translate-x)) translateY(var(--w-translate-y)) translateZ(var(--w-translate-z)) rotate(var(--w-rotate)) rotateX(var(--w-rotate-x)) rotateY(var(--w-rotate-y)) rotateZ(var(--w-rotate-z)) skewX(var(--w-skew-x)) skewY(var(--w-skew-y)) scaleX(var(--w-scale-x)) scaleY(var(--w-scale-y)) scaleZ(var(--w-scale-z));}
.rotate-2{--w-rotate-x:0;--w-rotate-y:0;--w-rotate-z:0;--w-rotate:2deg;transform:translateX(var(--w-translate-x)) translateY(var(--w-translate-y)) translateZ(var(--w-translate-z)) rotate(var(--w-rotate)) rotateX(var(--w-rotate-x)) rotateY(var(--w-rotate-y)) rotateZ(var(--w-rotate-z)) skewX(var(--w-skew-x)) skewY(var(--w-skew-y)) scaleX(var(--w-scale-x)) scaleY(var(--w-scale-y)) scaleZ(var(--w-scale-z));}
.rotate-3{--w-rotate-x:0;--w-rotate-y:0;--w-rotate-z:0;--w-rotate:3deg;transform:translateX(var(--w-translate-x)) translateY(var(--w-translate-y)) translateZ(var(--w-translate-z)) rotate(var(--w-rotate)) rotateX(var(--w-rotate-x)) rotateY(var(--w-rotate-y)) rotateZ(var(--w-rotate-z)) skewX(var(--w-skew-x)) skewY(var(--w-skew-y)) scaleX(var(--w-scale-x)) scaleY(var(--w-scale-y)) scaleZ(var(--w-scale-z));}
.rotate-45{--w-rotate-x:0;--w-rotate-y:0;--w-rotate-z:0;--w-rotate:45deg;transform:translateX(var(--w-translate-x)) translateY(var(--w-translate-y)) translateZ(var(--w-translate-z)) rotate(var(--w-rotate)) rotateX(var(--w-rotate-x)) rotateY(var(--w-rotate-y)) rotateZ(var(--w-rotate-z)) skewX(var(--w-skew-x)) skewY(var(--w-skew-y)) scaleX(var(--w-scale-x)) scaleY(var(--w-scale-y)) scaleZ(var(--w-scale-z));}
.rotate-6{--w-rotate-x:0;--w-rotate-y:0;--w-rotate-z:0;--w-rotate:6deg;transform:translateX(var(--w-translate-x)) translateY(var(--w-translate-y)) translateZ(var(--w-translate-z)) rotate(var(--w-rotate)) rotateX(var(--w-rotate-x)) rotateY(var(--w-rotate-y)) rotateZ(var(--w-rotate-z)) skewX(var(--w-skew-x)) skewY(var(--w-skew-y)) scaleX(var(--w-scale-x)) scaleY(var(--w-scale-y)) scaleZ(var(--w-scale-z));}
.rotate-90{--w-rotate-x:0;--w-rotate-y:0;--w-rotate-z:0;--w-rotate:90deg;transform:translateX(var(--w-translate-x)) translateY(var(--w-translate-y)) translateZ(var(--w-translate-z)) rotate(var(--w-rotate)) rotateX(var(--w-rotate-x)) rotateY(var(--w-rotate-y)) rotateZ(var(--w-rotate-z)) skewX(var(--w-skew-x)) skewY(var(--w-skew-y)) scaleX(var(--w-scale-x)) scaleY(var(--w-scale-y)) scaleZ(var(--w-scale-z));}"
`;

exports[`scale 1`] = `
"/* layer: default */
.scale-0{--w-scale-x:0;--w-scale-y:0;transform:translateX(var(--w-translate-x)) translateY(var(--w-translate-y)) translateZ(var(--w-translate-z)) rotate(var(--w-rotate)) rotateX(var(--w-rotate-x)) rotateY(var(--w-rotate-y)) rotateZ(var(--w-rotate-z)) skewX(var(--w-skew-x)) skewY(var(--w-skew-y)) scaleX(var(--w-scale-x)) scaleY(var(--w-scale-y)) scaleZ(var(--w-scale-z));}
.scale-100{--w-scale-x:1;--w-scale-y:1;transform:translateX(var(--w-translate-x)) translateY(var(--w-translate-y)) translateZ(var(--w-translate-z)) rotate(var(--w-rotate)) rotateX(var(--w-rotate-x)) rotateY(var(--w-rotate-y)) rotateZ(var(--w-rotate-z)) skewX(var(--w-skew-x)) skewY(var(--w-skew-y)) scaleX(var(--w-scale-x)) scaleY(var(--w-scale-y)) scaleZ(var(--w-scale-z));}
.scale-105{--w-scale-x:1.05;--w-scale-y:1.05;transform:translateX(var(--w-translate-x)) translateY(var(--w-translate-y)) translateZ(var(--w-translate-z)) rotate(var(--w-rotate)) rotateX(var(--w-rotate-x)) rotateY(var(--w-rotate-y)) rotateZ(var(--w-rotate-z)) skewX(var(--w-skew-x)) skewY(var(--w-skew-y)) scaleX(var(--w-scale-x)) scaleY(var(--w-scale-y)) scaleZ(var(--w-scale-z));}
.scale-110{--w-scale-x:1.1;--w-scale-y:1.1;transform:translateX(var(--w-translate-x)) translateY(var(--w-translate-y)) translateZ(var(--w-translate-z)) rotate(var(--w-rotate)) rotateX(var(--w-rotate-x)) rotateY(var(--w-rotate-y)) rotateZ(var(--w-rotate-z)) skewX(var(--w-skew-x)) skewY(var(--w-skew-y)) scaleX(var(--w-scale-x)) scaleY(var(--w-scale-y)) scaleZ(var(--w-scale-z));}
.scale-125{--w-scale-x:1.25;--w-scale-y:1.25;transform:translateX(var(--w-translate-x)) translateY(var(--w-translate-y)) translateZ(var(--w-translate-z)) rotate(var(--w-rotate)) rotateX(var(--w-rotate-x)) rotateY(var(--w-rotate-y)) rotateZ(var(--w-rotate-z)) skewX(var(--w-skew-x)) skewY(var(--w-skew-y)) scaleX(var(--w-scale-x)) scaleY(var(--w-scale-y)) scaleZ(var(--w-scale-z));}
.scale-150{--w-scale-x:1.5;--w-scale-y:1.5;transform:translateX(var(--w-translate-x)) translateY(var(--w-translate-y)) translateZ(var(--w-translate-z)) rotate(var(--w-rotate)) rotateX(var(--w-rotate-x)) rotateY(var(--w-rotate-y)) rotateZ(var(--w-rotate-z)) skewX(var(--w-skew-x)) skewY(var(--w-skew-y)) scaleX(var(--w-scale-x)) scaleY(var(--w-scale-y)) scaleZ(var(--w-scale-z));}
.scale-50{--w-scale-x:0.5;--w-scale-y:0.5;transform:translateX(var(--w-translate-x)) translateY(var(--w-translate-y)) translateZ(var(--w-translate-z)) rotate(var(--w-rotate)) rotateX(var(--w-rotate-x)) rotateY(var(--w-rotate-y)) rotateZ(var(--w-rotate-z)) skewX(var(--w-skew-x)) skewY(var(--w-skew-y)) scaleX(var(--w-scale-x)) scaleY(var(--w-scale-y)) scaleZ(var(--w-scale-z));}
.scale-75{--w-scale-x:0.75;--w-scale-y:0.75;transform:translateX(var(--w-translate-x)) translateY(var(--w-translate-y)) translateZ(var(--w-translate-z)) rotate(var(--w-rotate)) rotateX(var(--w-rotate-x)) rotateY(var(--w-rotate-y)) rotateZ(var(--w-rotate-z)) skewX(var(--w-skew-x)) skewY(var(--w-skew-y)) scaleX(var(--w-scale-x)) scaleY(var(--w-scale-y)) scaleZ(var(--w-scale-z));}
.scale-90{--w-scale-x:0.9;--w-scale-y:0.9;transform:translateX(var(--w-translate-x)) translateY(var(--w-translate-y)) translateZ(var(--w-translate-z)) rotate(var(--w-rotate)) rotateX(var(--w-rotate-x)) rotateY(var(--w-rotate-y)) rotateZ(var(--w-rotate-z)) skewX(var(--w-skew-x)) skewY(var(--w-skew-y)) scaleX(var(--w-scale-x)) scaleY(var(--w-scale-y)) scaleZ(var(--w-scale-z));}
.scale-x-0{--w-scale-x:0;transform:translateX(var(--w-translate-x)) translateY(var(--w-translate-y)) translateZ(var(--w-translate-z)) rotate(var(--w-rotate)) rotateX(var(--w-rotate-x)) rotateY(var(--w-rotate-y)) rotateZ(var(--w-rotate-z)) skewX(var(--w-skew-x)) skewY(var(--w-skew-y)) scaleX(var(--w-scale-x)) scaleY(var(--w-scale-y)) scaleZ(var(--w-scale-z));}
.scale-x-100{--w-scale-x:1;transform:translateX(var(--w-translate-x)) translateY(var(--w-translate-y)) translateZ(var(--w-translate-z)) rotate(var(--w-rotate)) rotateX(var(--w-rotate-x)) rotateY(var(--w-rotate-y)) rotateZ(var(--w-rotate-z)) skewX(var(--w-skew-x)) skewY(var(--w-skew-y)) scaleX(var(--w-scale-x)) scaleY(var(--w-scale-y)) scaleZ(var(--w-scale-z));}
.scale-x-105{--w-scale-x:1.05;transform:translateX(var(--w-translate-x)) translateY(var(--w-translate-y)) translateZ(var(--w-translate-z)) rotate(var(--w-rotate)) rotateX(var(--w-rotate-x)) rotateY(var(--w-rotate-y)) rotateZ(var(--w-rotate-z)) skewX(var(--w-skew-x)) skewY(var(--w-skew-y)) scaleX(var(--w-scale-x)) scaleY(var(--w-scale-y)) scaleZ(var(--w-scale-z));}
.scale-x-110{--w-scale-x:1.1;transform:translateX(var(--w-translate-x)) translateY(var(--w-translate-y)) translateZ(var(--w-translate-z)) rotate(var(--w-rotate)) rotateX(var(--w-rotate-x)) rotateY(var(--w-rotate-y)) rotateZ(var(--w-rotate-z)) skewX(var(--w-skew-x)) skewY(var(--w-skew-y)) scaleX(var(--w-scale-x)) scaleY(var(--w-scale-y)) scaleZ(var(--w-scale-z));}
.scale-x-125{--w-scale-x:1.25;transform:translateX(var(--w-translate-x)) translateY(var(--w-translate-y)) translateZ(var(--w-translate-z)) rotate(var(--w-rotate)) rotateX(var(--w-rotate-x)) rotateY(var(--w-rotate-y)) rotateZ(var(--w-rotate-z)) skewX(var(--w-skew-x)) skewY(var(--w-skew-y)) scaleX(var(--w-scale-x)) scaleY(var(--w-scale-y)) scaleZ(var(--w-scale-z));}
.scale-x-150{--w-scale-x:1.5;transform:translateX(var(--w-translate-x)) translateY(var(--w-translate-y)) translateZ(var(--w-translate-z)) rotate(var(--w-rotate)) rotateX(var(--w-rotate-x)) rotateY(var(--w-rotate-y)) rotateZ(var(--w-rotate-z)) skewX(var(--w-skew-x)) skewY(var(--w-skew-y)) scaleX(var(--w-scale-x)) scaleY(var(--w-scale-y)) scaleZ(var(--w-scale-z));}
.scale-x-50{--w-scale-x:0.5;transform:translateX(var(--w-translate-x)) translateY(var(--w-translate-y)) translateZ(var(--w-translate-z)) rotate(var(--w-rotate)) rotateX(var(--w-rotate-x)) rotateY(var(--w-rotate-y)) rotateZ(var(--w-rotate-z)) skewX(var(--w-skew-x)) skewY(var(--w-skew-y)) scaleX(var(--w-scale-x)) scaleY(var(--w-scale-y)) scaleZ(var(--w-scale-z));}
.scale-x-75{--w-scale-x:0.75;transform:translateX(var(--w-translate-x)) translateY(var(--w-translate-y)) translateZ(var(--w-translate-z)) rotate(var(--w-rotate)) rotateX(var(--w-rotate-x)) rotateY(var(--w-rotate-y)) rotateZ(var(--w-rotate-z)) skewX(var(--w-skew-x)) skewY(var(--w-skew-y)) scaleX(var(--w-scale-x)) scaleY(var(--w-scale-y)) scaleZ(var(--w-scale-z));}
.scale-x-90{--w-scale-x:0.9;transform:translateX(var(--w-translate-x)) translateY(var(--w-translate-y)) translateZ(var(--w-translate-z)) rotate(var(--w-rotate)) rotateX(var(--w-rotate-x)) rotateY(var(--w-rotate-y)) rotateZ(var(--w-rotate-z)) skewX(var(--w-skew-x)) skewY(var(--w-skew-y)) scaleX(var(--w-scale-x)) scaleY(var(--w-scale-y)) scaleZ(var(--w-scale-z));}
.scale-y-0{--w-scale-y:0;transform:translateX(var(--w-translate-x)) translateY(var(--w-translate-y)) translateZ(var(--w-translate-z)) rotate(var(--w-rotate)) rotateX(var(--w-rotate-x)) rotateY(var(--w-rotate-y)) rotateZ(var(--w-rotate-z)) skewX(var(--w-skew-x)) skewY(var(--w-skew-y)) scaleX(var(--w-scale-x)) scaleY(var(--w-scale-y)) scaleZ(var(--w-scale-z));}
.scale-y-100{--w-scale-y:1;transform:translateX(var(--w-translate-x)) translateY(var(--w-translate-y)) translateZ(var(--w-translate-z)) rotate(var(--w-rotate)) rotateX(var(--w-rotate-x)) rotateY(var(--w-rotate-y)) rotateZ(var(--w-rotate-z)) skewX(var(--w-skew-x)) skewY(var(--w-skew-y)) scaleX(var(--w-scale-x)) scaleY(var(--w-scale-y)) scaleZ(var(--w-scale-z));}
.scale-y-105{--w-scale-y:1.05;transform:translateX(var(--w-translate-x)) translateY(var(--w-translate-y)) translateZ(var(--w-translate-z)) rotate(var(--w-rotate)) rotateX(var(--w-rotate-x)) rotateY(var(--w-rotate-y)) rotateZ(var(--w-rotate-z)) skewX(var(--w-skew-x)) skewY(var(--w-skew-y)) scaleX(var(--w-scale-x)) scaleY(var(--w-scale-y)) scaleZ(var(--w-scale-z));}
.scale-y-110{--w-scale-y:1.1;transform:translateX(var(--w-translate-x)) translateY(var(--w-translate-y)) translateZ(var(--w-translate-z)) rotate(var(--w-rotate)) rotateX(var(--w-rotate-x)) rotateY(var(--w-rotate-y)) rotateZ(var(--w-rotate-z)) skewX(var(--w-skew-x)) skewY(var(--w-skew-y)) scaleX(var(--w-scale-x)) scaleY(var(--w-scale-y)) scaleZ(var(--w-scale-z));}
.scale-y-125{--w-scale-y:1.25;transform:translateX(var(--w-translate-x)) translateY(var(--w-translate-y)) translateZ(var(--w-translate-z)) rotate(var(--w-rotate)) rotateX(var(--w-rotate-x)) rotateY(var(--w-rotate-y)) rotateZ(var(--w-rotate-z)) skewX(var(--w-skew-x)) skewY(var(--w-skew-y)) scaleX(var(--w-scale-x)) scaleY(var(--w-scale-y)) scaleZ(var(--w-scale-z));}
.scale-y-150{--w-scale-y:1.5;transform:translateX(var(--w-translate-x)) translateY(var(--w-translate-y)) translateZ(var(--w-translate-z)) rotate(var(--w-rotate)) rotateX(var(--w-rotate-x)) rotateY(var(--w-rotate-y)) rotateZ(var(--w-rotate-z)) skewX(var(--w-skew-x)) skewY(var(--w-skew-y)) scaleX(var(--w-scale-x)) scaleY(var(--w-scale-y)) scaleZ(var(--w-scale-z));}
.scale-y-50{--w-scale-y:0.5;transform:translateX(var(--w-translate-x)) translateY(var(--w-translate-y)) translateZ(var(--w-translate-z)) rotate(var(--w-rotate)) rotateX(var(--w-rotate-x)) rotateY(var(--w-rotate-y)) rotateZ(var(--w-rotate-z)) skewX(var(--w-skew-x)) skewY(var(--w-skew-y)) scaleX(var(--w-scale-x)) scaleY(var(--w-scale-y)) scaleZ(var(--w-scale-z));}
.scale-y-75{--w-scale-y:0.75;transform:translateX(var(--w-translate-x)) translateY(var(--w-translate-y)) translateZ(var(--w-translate-z)) rotate(var(--w-rotate)) rotateX(var(--w-rotate-x)) rotateY(var(--w-rotate-y)) rotateZ(var(--w-rotate-z)) skewX(var(--w-skew-x)) skewY(var(--w-skew-y)) scaleX(var(--w-scale-x)) scaleY(var(--w-scale-y)) scaleZ(var(--w-scale-z));}
.scale-y-90{--w-scale-y:0.9;transform:translateX(var(--w-translate-x)) translateY(var(--w-translate-y)) translateZ(var(--w-translate-z)) rotate(var(--w-rotate)) rotateX(var(--w-rotate-x)) rotateY(var(--w-rotate-y)) rotateZ(var(--w-rotate-z)) skewX(var(--w-skew-x)) skewY(var(--w-skew-y)) scaleX(var(--w-scale-x)) scaleY(var(--w-scale-y)) scaleZ(var(--w-scale-z));}"
`;

exports[`skew 1`] = `
"/* layer: default */
.skew-x-0{--w-skew-x:0deg;transform:translateX(var(--w-translate-x)) translateY(var(--w-translate-y)) translateZ(var(--w-translate-z)) rotate(var(--w-rotate)) rotateX(var(--w-rotate-x)) rotateY(var(--w-rotate-y)) rotateZ(var(--w-rotate-z)) skewX(var(--w-skew-x)) skewY(var(--w-skew-y)) scaleX(var(--w-scale-x)) scaleY(var(--w-scale-y)) scaleZ(var(--w-scale-z));}
.skew-x-1{--w-skew-x:1deg;transform:translateX(var(--w-translate-x)) translateY(var(--w-translate-y)) translateZ(var(--w-translate-z)) rotate(var(--w-rotate)) rotateX(var(--w-rotate-x)) rotateY(var(--w-rotate-y)) rotateZ(var(--w-rotate-z)) skewX(var(--w-skew-x)) skewY(var(--w-skew-y)) scaleX(var(--w-scale-x)) scaleY(var(--w-scale-y)) scaleZ(var(--w-scale-z));}
.skew-x-12{--w-skew-x:12deg;transform:translateX(var(--w-translate-x)) translateY(var(--w-translate-y)) translateZ(var(--w-translate-z)) rotate(var(--w-rotate)) rotateX(var(--w-rotate-x)) rotateY(var(--w-rotate-y)) rotateZ(var(--w-rotate-z)) skewX(var(--w-skew-x)) skewY(var(--w-skew-y)) scaleX(var(--w-scale-x)) scaleY(var(--w-scale-y)) scaleZ(var(--w-scale-z));}
.skew-x-2{--w-skew-x:2deg;transform:translateX(var(--w-translate-x)) translateY(var(--w-translate-y)) translateZ(var(--w-translate-z)) rotate(var(--w-rotate)) rotateX(var(--w-rotate-x)) rotateY(var(--w-rotate-y)) rotateZ(var(--w-rotate-z)) skewX(var(--w-skew-x)) skewY(var(--w-skew-y)) scaleX(var(--w-scale-x)) scaleY(var(--w-scale-y)) scaleZ(var(--w-scale-z));}
.skew-x-3{--w-skew-x:3deg;transform:translateX(var(--w-translate-x)) translateY(var(--w-translate-y)) translateZ(var(--w-translate-z)) rotate(var(--w-rotate)) rotateX(var(--w-rotate-x)) rotateY(var(--w-rotate-y)) rotateZ(var(--w-rotate-z)) skewX(var(--w-skew-x)) skewY(var(--w-skew-y)) scaleX(var(--w-scale-x)) scaleY(var(--w-scale-y)) scaleZ(var(--w-scale-z));}
.skew-x-6{--w-skew-x:6deg;transform:translateX(var(--w-translate-x)) translateY(var(--w-translate-y)) translateZ(var(--w-translate-z)) rotate(var(--w-rotate)) rotateX(var(--w-rotate-x)) rotateY(var(--w-rotate-y)) rotateZ(var(--w-rotate-z)) skewX(var(--w-skew-x)) skewY(var(--w-skew-y)) scaleX(var(--w-scale-x)) scaleY(var(--w-scale-y)) scaleZ(var(--w-scale-z));}
.skew-y-0{--w-skew-y:0deg;transform:translateX(var(--w-translate-x)) translateY(var(--w-translate-y)) translateZ(var(--w-translate-z)) rotate(var(--w-rotate)) rotateX(var(--w-rotate-x)) rotateY(var(--w-rotate-y)) rotateZ(var(--w-rotate-z)) skewX(var(--w-skew-x)) skewY(var(--w-skew-y)) scaleX(var(--w-scale-x)) scaleY(var(--w-scale-y)) scaleZ(var(--w-scale-z));}
.skew-y-1{--w-skew-y:1deg;transform:translateX(var(--w-translate-x)) translateY(var(--w-translate-y)) translateZ(var(--w-translate-z)) rotate(var(--w-rotate)) rotateX(var(--w-rotate-x)) rotateY(var(--w-rotate-y)) rotateZ(var(--w-rotate-z)) skewX(var(--w-skew-x)) skewY(var(--w-skew-y)) scaleX(var(--w-scale-x)) scaleY(var(--w-scale-y)) scaleZ(var(--w-scale-z));}
.skew-y-12{--w-skew-y:12deg;transform:translateX(var(--w-translate-x)) translateY(var(--w-translate-y)) translateZ(var(--w-translate-z)) rotate(var(--w-rotate)) rotateX(var(--w-rotate-x)) rotateY(var(--w-rotate-y)) rotateZ(var(--w-rotate-z)) skewX(var(--w-skew-x)) skewY(var(--w-skew-y)) scaleX(var(--w-scale-x)) scaleY(var(--w-scale-y)) scaleZ(var(--w-scale-z));}
.skew-y-2{--w-skew-y:2deg;transform:translateX(var(--w-translate-x)) translateY(var(--w-translate-y)) translateZ(var(--w-translate-z)) rotate(var(--w-rotate)) rotateX(var(--w-rotate-x)) rotateY(var(--w-rotate-y)) rotateZ(var(--w-rotate-z)) skewX(var(--w-skew-x)) skewY(var(--w-skew-y)) scaleX(var(--w-scale-x)) scaleY(var(--w-scale-y)) scaleZ(var(--w-scale-z));}
.skew-y-3{--w-skew-y:3deg;transform:translateX(var(--w-translate-x)) translateY(var(--w-translate-y)) translateZ(var(--w-translate-z)) rotate(var(--w-rotate)) rotateX(var(--w-rotate-x)) rotateY(var(--w-rotate-y)) rotateZ(var(--w-rotate-z)) skewX(var(--w-skew-x)) skewY(var(--w-skew-y)) scaleX(var(--w-scale-x)) scaleY(var(--w-scale-y)) scaleZ(var(--w-scale-z));}
.skew-y-6{--w-skew-y:6deg;transform:translateX(var(--w-translate-x)) translateY(var(--w-translate-y)) translateZ(var(--w-translate-z)) rotate(var(--w-rotate)) rotateX(var(--w-rotate-x)) rotateY(var(--w-rotate-y)) rotateZ(var(--w-rotate-z)) skewX(var(--w-skew-x)) skewY(var(--w-skew-y)) scaleX(var(--w-scale-x)) scaleY(var(--w-scale-y)) scaleZ(var(--w-scale-z));}"
`;

exports[`transform 1`] = `
"/* layer: default */
.transform,
.transform-cpu{transform:translateX(var(--w-translate-x)) translateY(var(--w-translate-y)) translateZ(var(--w-translate-z)) rotate(var(--w-rotate)) rotateX(var(--w-rotate-x)) rotateY(var(--w-rotate-y)) rotateZ(var(--w-rotate-z)) skewX(var(--w-skew-x)) skewY(var(--w-skew-y)) scaleX(var(--w-scale-x)) scaleY(var(--w-scale-y)) scaleZ(var(--w-scale-z));}
.transform-gpu{transform:translate3d(var(--w-translate-x), var(--w-translate-y), var(--w-translate-z)) rotate(var(--w-rotate)) rotateX(var(--w-rotate-x)) rotateY(var(--w-rotate-y)) rotateZ(var(--w-rotate-z)) skewX(var(--w-skew-x)) skewY(var(--w-skew-y)) scaleX(var(--w-scale-x)) scaleY(var(--w-scale-y)) scaleZ(var(--w-scale-z));}
.transform-none{transform:none;}"
`;

exports[`translate 1`] = `
"/* layer: default */
.translate-x-0{--w-translate-x:0rem;transform:translateX(var(--w-translate-x)) translateY(var(--w-translate-y)) translateZ(var(--w-translate-z)) rotate(var(--w-rotate)) rotateX(var(--w-rotate-x)) rotateY(var(--w-rotate-y)) rotateZ(var(--w-rotate-z)) skewX(var(--w-skew-x)) skewY(var(--w-skew-y)) scaleX(var(--w-scale-x)) scaleY(var(--w-scale-y)) scaleZ(var(--w-scale-z));}
.translate-x-1{--w-translate-x:0.1rem;transform:translateX(var(--w-translate-x)) translateY(var(--w-translate-y)) translateZ(var(--w-translate-z)) rotate(var(--w-rotate)) rotateX(var(--w-rotate-x)) rotateY(var(--w-rotate-y)) rotateZ(var(--w-rotate-z)) skewX(var(--w-skew-x)) skewY(var(--w-skew-y)) scaleX(var(--w-scale-x)) scaleY(var(--w-scale-y)) scaleZ(var(--w-scale-z));}
.translate-x-1\\\\/1,
.translate-x-2\\\\/2,
.translate-x-3\\\\/3,
.translate-x-4\\\\/4,
.translate-x-5\\\\/5,
.translate-x-6\\\\/6,
.translate-x-full{--w-translate-x:100%;transform:translateX(var(--w-translate-x)) translateY(var(--w-translate-y)) translateZ(var(--w-translate-z)) rotate(var(--w-rotate)) rotateX(var(--w-rotate-x)) rotateY(var(--w-rotate-y)) rotateZ(var(--w-rotate-z)) skewX(var(--w-skew-x)) skewY(var(--w-skew-y)) scaleX(var(--w-scale-x)) scaleY(var(--w-scale-y)) scaleZ(var(--w-scale-z));}
.translate-x-1\\\\/2,
.translate-x-2\\\\/4,
.translate-x-3\\\\/6{--w-translate-x:50%;transform:translateX(var(--w-translate-x)) translateY(var(--w-translate-y)) translateZ(var(--w-translate-z)) rotate(var(--w-rotate)) rotateX(var(--w-rotate-x)) rotateY(var(--w-rotate-y)) rotateZ(var(--w-rotate-z)) skewX(var(--w-skew-x)) skewY(var(--w-skew-y)) scaleX(var(--w-scale-x)) scaleY(var(--w-scale-y)) scaleZ(var(--w-scale-z));}
.translate-x-1\\\\/3,
.translate-x-2\\\\/6{--w-translate-x:33.3333333333%;transform:translateX(var(--w-translate-x)) translateY(var(--w-translate-y)) translateZ(var(--w-translate-z)) rotate(var(--w-rotate)) rotateX(var(--w-rotate-x)) rotateY(var(--w-rotate-y)) rotateZ(var(--w-rotate-z)) skewX(var(--w-skew-x)) skewY(var(--w-skew-y)) scaleX(var(--w-scale-x)) scaleY(var(--w-scale-y)) scaleZ(var(--w-scale-z));}
.translate-x-1\\\\/4{--w-translate-x:25%;transform:translateX(var(--w-translate-x)) translateY(var(--w-translate-y)) translateZ(var(--w-translate-z)) rotate(var(--w-rotate)) rotateX(var(--w-rotate-x)) rotateY(var(--w-rotate-y)) rotateZ(var(--w-rotate-z)) skewX(var(--w-skew-x)) skewY(var(--w-skew-y)) scaleX(var(--w-scale-x)) scaleY(var(--w-scale-y)) scaleZ(var(--w-scale-z));}
.translate-x-1\\\\/5{--w-translate-x:20%;transform:translateX(var(--w-translate-x)) translateY(var(--w-translate-y)) translateZ(var(--w-translate-z)) rotate(var(--w-rotate)) rotateX(var(--w-rotate-x)) rotateY(var(--w-rotate-y)) rotateZ(var(--w-rotate-z)) skewX(var(--w-skew-x)) skewY(var(--w-skew-y)) scaleX(var(--w-scale-x)) scaleY(var(--w-scale-y)) scaleZ(var(--w-scale-z));}
.translate-x-1\\\\/6{--w-translate-x:16.6666666667%;transform:translateX(var(--w-translate-x)) translateY(var(--w-translate-y)) translateZ(var(--w-translate-z)) rotate(var(--w-rotate)) rotateX(var(--w-rotate-x)) rotateY(var(--w-rotate-y)) rotateZ(var(--w-rotate-z)) skewX(var(--w-skew-x)) skewY(var(--w-skew-y)) scaleX(var(--w-scale-x)) scaleY(var(--w-scale-y)) scaleZ(var(--w-scale-z));}
.translate-x-10{--w-translate-x:1rem;transform:translateX(var(--w-translate-x)) translateY(var(--w-translate-y)) translateZ(var(--w-translate-z)) rotate(var(--w-rotate)) rotateX(var(--w-rotate-x)) rotateY(var(--w-rotate-y)) rotateZ(var(--w-rotate-z)) skewX(var(--w-skew-x)) skewY(var(--w-skew-y)) scaleX(var(--w-scale-x)) scaleY(var(--w-scale-y)) scaleZ(var(--w-scale-z));}
.translate-x-112{--w-translate-x:11.2rem;transform:translateX(var(--w-translate-x)) translateY(var(--w-translate-y)) translateZ(var(--w-translate-z)) rotate(var(--w-rotate)) rotateX(var(--w-rotate-x)) rotateY(var(--w-rotate-y)) rotateZ(var(--w-rotate-z)) skewX(var(--w-skew-x)) skewY(var(--w-skew-y)) scaleX(var(--w-scale-x)) scaleY(var(--w-scale-y)) scaleZ(var(--w-scale-z));}
.translate-x-12{--w-translate-x:1.2rem;transform:translateX(var(--w-translate-x)) translateY(var(--w-translate-y)) translateZ(var(--w-translate-z)) rotate(var(--w-rotate)) rotateX(var(--w-rotate-x)) rotateY(var(--w-rotate-y)) rotateZ(var(--w-rotate-z)) skewX(var(--w-skew-x)) skewY(var(--w-skew-y)) scaleX(var(--w-scale-x)) scaleY(var(--w-scale-y)) scaleZ(var(--w-scale-z));}
.translate-x-128{--w-translate-x:12.8rem;transform:translateX(var(--w-translate-x)) translateY(var(--w-translate-y)) translateZ(var(--w-translate-z)) rotate(var(--w-rotate)) rotateX(var(--w-rotate-x)) rotateY(var(--w-rotate-y)) rotateZ(var(--w-rotate-z)) skewX(var(--w-skew-x)) skewY(var(--w-skew-y)) scaleX(var(--w-scale-x)) scaleY(var(--w-scale-y)) scaleZ(var(--w-scale-z));}
.translate-x-14{--w-translate-x:1.4rem;transform:translateX(var(--w-translate-x)) translateY(var(--w-translate-y)) translateZ(var(--w-translate-z)) rotate(var(--w-rotate)) rotateX(var(--w-rotate-x)) rotateY(var(--w-rotate-y)) rotateZ(var(--w-rotate-z)) skewX(var(--w-skew-x)) skewY(var(--w-skew-y)) scaleX(var(--w-scale-x)) scaleY(var(--w-scale-y)) scaleZ(var(--w-scale-z));}
.translate-x-144{--w-translate-x:14.4rem;transform:translateX(var(--w-translate-x)) translateY(var(--w-translate-y)) translateZ(var(--w-translate-z)) rotate(var(--w-rotate)) rotateX(var(--w-rotate-x)) rotateY(var(--w-rotate-y)) rotateZ(var(--w-rotate-z)) skewX(var(--w-skew-x)) skewY(var(--w-skew-y)) scaleX(var(--w-scale-x)) scaleY(var(--w-scale-y)) scaleZ(var(--w-scale-z));}
.translate-x-16{--w-translate-x:1.6rem;transform:translateX(var(--w-translate-x)) translateY(var(--w-translate-y)) translateZ(var(--w-translate-z)) rotate(var(--w-rotate)) rotateX(var(--w-rotate-x)) rotateY(var(--w-rotate-y)) rotateZ(var(--w-rotate-z)) skewX(var(--w-skew-x)) skewY(var(--w-skew-y)) scaleX(var(--w-scale-x)) scaleY(var(--w-scale-y)) scaleZ(var(--w-scale-z));}
.translate-x-2{--w-translate-x:0.2rem;transform:translateX(var(--w-translate-x)) translateY(var(--w-translate-y)) translateZ(var(--w-translate-z)) rotate(var(--w-rotate)) rotateX(var(--w-rotate-x)) rotateY(var(--w-rotate-y)) rotateZ(var(--w-rotate-z)) skewX(var(--w-skew-x)) skewY(var(--w-skew-y)) scaleX(var(--w-scale-x)) scaleY(var(--w-scale-y)) scaleZ(var(--w-scale-z));}
.translate-x-2\\\\/3,
.translate-x-4\\\\/6{--w-translate-x:66.6666666667%;transform:translateX(var(--w-translate-x)) translateY(var(--w-translate-y)) translateZ(var(--w-translate-z)) rotate(var(--w-rotate)) rotateX(var(--w-rotate-x)) rotateY(var(--w-rotate-y)) rotateZ(var(--w-rotate-z)) skewX(var(--w-skew-x)) skewY(var(--w-skew-y)) scaleX(var(--w-scale-x)) scaleY(var(--w-scale-y)) scaleZ(var(--w-scale-z));}
.translate-x-2\\\\/5{--w-translate-x:40%;transform:translateX(var(--w-translate-x)) translateY(var(--w-translate-y)) translateZ(var(--w-translate-z)) rotate(var(--w-rotate)) rotateX(var(--w-rotate-x)) rotateY(var(--w-rotate-y)) rotateZ(var(--w-rotate-z)) skewX(var(--w-skew-x)) skewY(var(--w-skew-y)) scaleX(var(--w-scale-x)) scaleY(var(--w-scale-y)) scaleZ(var(--w-scale-z));}
.translate-x-20{--w-translate-x:2rem;transform:translateX(var(--w-translate-x)) translateY(var(--w-translate-y)) translateZ(var(--w-translate-z)) rotate(var(--w-rotate)) rotateX(var(--w-rotate-x)) rotateY(var(--w-rotate-y)) rotateZ(var(--w-rotate-z)) skewX(var(--w-skew-x)) skewY(var(--w-skew-y)) scaleX(var(--w-scale-x)) scaleY(var(--w-scale-y)) scaleZ(var(--w-scale-z));}
.translate-x-24{--w-translate-x:2.4rem;transform:translateX(var(--w-translate-x)) translateY(var(--w-translate-y)) translateZ(var(--w-translate-z)) rotate(var(--w-rotate)) rotateX(var(--w-rotate-x)) rotateY(var(--w-rotate-y)) rotateZ(var(--w-rotate-z)) skewX(var(--w-skew-x)) skewY(var(--w-skew-y)) scaleX(var(--w-scale-x)) scaleY(var(--w-scale-y)) scaleZ(var(--w-scale-z));}
.translate-x-28{--w-translate-x:2.8rem;transform:translateX(var(--w-translate-x)) translateY(var(--w-translate-y)) translateZ(var(--w-translate-z)) rotate(var(--w-rotate)) rotateX(var(--w-rotate-x)) rotateY(var(--w-rotate-y)) rotateZ(var(--w-rotate-z)) skewX(var(--w-skew-x)) skewY(var(--w-skew-y)) scaleX(var(--w-scale-x)) scaleY(var(--w-scale-y)) scaleZ(var(--w-scale-z));}
.translate-x-3\\\\/4{--w-translate-x:75%;transform:translateX(var(--w-translate-x)) translateY(var(--w-translate-y)) translateZ(var(--w-translate-z)) rotate(var(--w-rotate)) rotateX(var(--w-rotate-x)) rotateY(var(--w-rotate-y)) rotateZ(var(--w-rotate-z)) skewX(var(--w-skew-x)) skewY(var(--w-skew-y)) scaleX(var(--w-scale-x)) scaleY(var(--w-scale-y)) scaleZ(var(--w-scale-z));}
.translate-x-3\\\\/5{--w-translate-x:60%;transform:translateX(var(--w-translate-x)) translateY(var(--w-translate-y)) translateZ(var(--w-translate-z)) rotate(var(--w-rotate)) rotateX(var(--w-rotate-x)) rotateY(var(--w-rotate-y)) rotateZ(var(--w-rotate-z)) skewX(var(--w-skew-x)) skewY(var(--w-skew-y)) scaleX(var(--w-scale-x)) scaleY(var(--w-scale-y)) scaleZ(var(--w-scale-z));}
.translate-x-32{--w-translate-x:3.2rem;transform:translateX(var(--w-translate-x)) translateY(var(--w-translate-y)) translateZ(var(--w-translate-z)) rotate(var(--w-rotate)) rotateX(var(--w-rotate-x)) rotateY(var(--w-rotate-y)) rotateZ(var(--w-rotate-z)) skewX(var(--w-skew-x)) skewY(var(--w-skew-y)) scaleX(var(--w-scale-x)) scaleY(var(--w-scale-y)) scaleZ(var(--w-scale-z));}
.translate-x-4{--w-translate-x:0.4rem;transform:translateX(var(--w-translate-x)) translateY(var(--w-translate-y)) translateZ(var(--w-translate-z)) rotate(var(--w-rotate)) rotateX(var(--w-rotate-x)) rotateY(var(--w-rotate-y)) rotateZ(var(--w-rotate-z)) skewX(var(--w-skew-x)) skewY(var(--w-skew-y)) scaleX(var(--w-scale-x)) scaleY(var(--w-scale-y)) scaleZ(var(--w-scale-z));}
.translate-x-4\\\\/5{--w-translate-x:80%;transform:translateX(var(--w-translate-x)) translateY(var(--w-translate-y)) translateZ(var(--w-translate-z)) rotate(var(--w-rotate)) rotateX(var(--w-rotate-x)) rotateY(var(--w-rotate-y)) rotateZ(var(--w-rotate-z)) skewX(var(--w-skew-x)) skewY(var(--w-skew-y)) scaleX(var(--w-scale-x)) scaleY(var(--w-scale-y)) scaleZ(var(--w-scale-z));}
.translate-x-40{--w-translate-x:4rem;transform:translateX(var(--w-translate-x)) translateY(var(--w-translate-y)) translateZ(var(--w-translate-z)) rotate(var(--w-rotate)) rotateX(var(--w-rotate-x)) rotateY(var(--w-rotate-y)) rotateZ(var(--w-rotate-z)) skewX(var(--w-skew-x)) skewY(var(--w-skew-y)) scaleX(var(--w-scale-x)) scaleY(var(--w-scale-y)) scaleZ(var(--w-scale-z));}
.translate-x-44{--w-translate-x:4.4rem;transform:translateX(var(--w-translate-x)) translateY(var(--w-translate-y)) translateZ(var(--w-translate-z)) rotate(var(--w-rotate)) rotateX(var(--w-rotate-x)) rotateY(var(--w-rotate-y)) rotateZ(var(--w-rotate-z)) skewX(var(--w-skew-x)) skewY(var(--w-skew-y)) scaleX(var(--w-scale-x)) scaleY(var(--w-scale-y)) scaleZ(var(--w-scale-z));}
.translate-x-48{--w-translate-x:4.8rem;transform:translateX(var(--w-translate-x)) translateY(var(--w-translate-y)) translateZ(var(--w-translate-z)) rotate(var(--w-rotate)) rotateX(var(--w-rotate-x)) rotateY(var(--w-rotate-y)) rotateZ(var(--w-rotate-z)) skewX(var(--w-skew-x)) skewY(var(--w-skew-y)) scaleX(var(--w-scale-x)) scaleY(var(--w-scale-y)) scaleZ(var(--w-scale-z));}
.translate-x-5\\\\/6{--w-translate-x:83.3333333333%;transform:translateX(var(--w-translate-x)) translateY(var(--w-translate-y)) translateZ(var(--w-translate-z)) rotate(var(--w-rotate)) rotateX(var(--w-rotate-x)) rotateY(var(--w-rotate-y)) rotateZ(var(--w-rotate-z)) skewX(var(--w-skew-x)) skewY(var(--w-skew-y)) scaleX(var(--w-scale-x)) scaleY(var(--w-scale-y)) scaleZ(var(--w-scale-z));}
.translate-x-56{--w-translate-x:5.6rem;transform:translateX(var(--w-translate-x)) translateY(var(--w-translate-y)) translateZ(var(--w-translate-z)) rotate(var(--w-rotate)) rotateX(var(--w-rotate-x)) rotateY(var(--w-rotate-y)) rotateZ(var(--w-rotate-z)) skewX(var(--w-skew-x)) skewY(var(--w-skew-y)) scaleX(var(--w-scale-x)) scaleY(var(--w-scale-y)) scaleZ(var(--w-scale-z));}
.translate-x-6{--w-translate-x:0.6rem;transform:translateX(var(--w-translate-x)) translateY(var(--w-translate-y)) translateZ(var(--w-translate-z)) rotate(var(--w-rotate)) rotateX(var(--w-rotate-x)) rotateY(var(--w-rotate-y)) rotateZ(var(--w-rotate-z)) skewX(var(--w-skew-x)) skewY(var(--w-skew-y)) scaleX(var(--w-scale-x)) scaleY(var(--w-scale-y)) scaleZ(var(--w-scale-z));}
.translate-x-64{--w-translate-x:6.4rem;transform:translateX(var(--w-translate-x)) translateY(var(--w-translate-y)) translateZ(var(--w-translate-z)) rotate(var(--w-rotate)) rotateX(var(--w-rotate-x)) rotateY(var(--w-rotate-y)) rotateZ(var(--w-rotate-z)) skewX(var(--w-skew-x)) skewY(var(--w-skew-y)) scaleX(var(--w-scale-x)) scaleY(var(--w-scale-y)) scaleZ(var(--w-scale-z));}
.translate-x-8{--w-translate-x:0.8rem;transform:translateX(var(--w-translate-x)) translateY(var(--w-translate-y)) translateZ(var(--w-translate-z)) rotate(var(--w-rotate)) rotateX(var(--w-rotate-x)) rotateY(var(--w-rotate-y)) rotateZ(var(--w-rotate-z)) skewX(var(--w-skew-x)) skewY(var(--w-skew-y)) scaleX(var(--w-scale-x)) scaleY(var(--w-scale-y)) scaleZ(var(--w-scale-z));}
.translate-x-80{--w-translate-x:8rem;transform:translateX(var(--w-translate-x)) translateY(var(--w-translate-y)) translateZ(var(--w-translate-z)) rotate(var(--w-rotate)) rotateX(var(--w-rotate-x)) rotateY(var(--w-rotate-y)) rotateZ(var(--w-rotate-z)) skewX(var(--w-skew-x)) skewY(var(--w-skew-y)) scaleX(var(--w-scale-x)) scaleY(var(--w-scale-y)) scaleZ(var(--w-scale-z));}
.translate-x-96{--w-translate-x:9.6rem;transform:translateX(var(--w-translate-x)) translateY(var(--w-translate-y)) translateZ(var(--w-translate-z)) rotate(var(--w-rotate)) rotateX(var(--w-rotate-x)) rotateY(var(--w-rotate-y)) rotateZ(var(--w-rotate-z)) skewX(var(--w-skew-x)) skewY(var(--w-skew-y)) scaleX(var(--w-scale-x)) scaleY(var(--w-scale-y)) scaleZ(var(--w-scale-z));}
.translate-y-0{--w-translate-y:0rem;transform:translateX(var(--w-translate-x)) translateY(var(--w-translate-y)) translateZ(var(--w-translate-z)) rotate(var(--w-rotate)) rotateX(var(--w-rotate-x)) rotateY(var(--w-rotate-y)) rotateZ(var(--w-rotate-z)) skewX(var(--w-skew-x)) skewY(var(--w-skew-y)) scaleX(var(--w-scale-x)) scaleY(var(--w-scale-y)) scaleZ(var(--w-scale-z));}
.translate-y-1{--w-translate-y:0.1rem;transform:translateX(var(--w-translate-x)) translateY(var(--w-translate-y)) translateZ(var(--w-translate-z)) rotate(var(--w-rotate)) rotateX(var(--w-rotate-x)) rotateY(var(--w-rotate-y)) rotateZ(var(--w-rotate-z)) skewX(var(--w-skew-x)) skewY(var(--w-skew-y)) scaleX(var(--w-scale-x)) scaleY(var(--w-scale-y)) scaleZ(var(--w-scale-z));}
.translate-y-1\\\\/1,
.translate-y-2\\\\/2,
.translate-y-3\\\\/3,
.translate-y-4\\\\/4,
.translate-y-5\\\\/5,
.translate-y-6\\\\/6,
.translate-y-full{--w-translate-y:100%;transform:translateX(var(--w-translate-x)) translateY(var(--w-translate-y)) translateZ(var(--w-translate-z)) rotate(var(--w-rotate)) rotateX(var(--w-rotate-x)) rotateY(var(--w-rotate-y)) rotateZ(var(--w-rotate-z)) skewX(var(--w-skew-x)) skewY(var(--w-skew-y)) scaleX(var(--w-scale-x)) scaleY(var(--w-scale-y)) scaleZ(var(--w-scale-z));}
.translate-y-1\\\\/2,
.translate-y-2\\\\/4,
.translate-y-3\\\\/6{--w-translate-y:50%;transform:translateX(var(--w-translate-x)) translateY(var(--w-translate-y)) translateZ(var(--w-translate-z)) rotate(var(--w-rotate)) rotateX(var(--w-rotate-x)) rotateY(var(--w-rotate-y)) rotateZ(var(--w-rotate-z)) skewX(var(--w-skew-x)) skewY(var(--w-skew-y)) scaleX(var(--w-scale-x)) scaleY(var(--w-scale-y)) scaleZ(var(--w-scale-z));}
.translate-y-1\\\\/3,
.translate-y-2\\\\/6{--w-translate-y:33.3333333333%;transform:translateX(var(--w-translate-x)) translateY(var(--w-translate-y)) translateZ(var(--w-translate-z)) rotate(var(--w-rotate)) rotateX(var(--w-rotate-x)) rotateY(var(--w-rotate-y)) rotateZ(var(--w-rotate-z)) skewX(var(--w-skew-x)) skewY(var(--w-skew-y)) scaleX(var(--w-scale-x)) scaleY(var(--w-scale-y)) scaleZ(var(--w-scale-z));}
.translate-y-1\\\\/4{--w-translate-y:25%;transform:translateX(var(--w-translate-x)) translateY(var(--w-translate-y)) translateZ(var(--w-translate-z)) rotate(var(--w-rotate)) rotateX(var(--w-rotate-x)) rotateY(var(--w-rotate-y)) rotateZ(var(--w-rotate-z)) skewX(var(--w-skew-x)) skewY(var(--w-skew-y)) scaleX(var(--w-scale-x)) scaleY(var(--w-scale-y)) scaleZ(var(--w-scale-z));}
.translate-y-1\\\\/5{--w-translate-y:20%;transform:translateX(var(--w-translate-x)) translateY(var(--w-translate-y)) translateZ(var(--w-translate-z)) rotate(var(--w-rotate)) rotateX(var(--w-rotate-x)) rotateY(var(--w-rotate-y)) rotateZ(var(--w-rotate-z)) skewX(var(--w-skew-x)) skewY(var(--w-skew-y)) scaleX(var(--w-scale-x)) scaleY(var(--w-scale-y)) scaleZ(var(--w-scale-z));}
.translate-y-1\\\\/6{--w-translate-y:16.6666666667%;transform:translateX(var(--w-translate-x)) translateY(var(--w-translate-y)) translateZ(var(--w-translate-z)) rotate(var(--w-rotate)) rotateX(var(--w-rotate-x)) rotateY(var(--w-rotate-y)) rotateZ(var(--w-rotate-z)) skewX(var(--w-skew-x)) skewY(var(--w-skew-y)) scaleX(var(--w-scale-x)) scaleY(var(--w-scale-y)) scaleZ(var(--w-scale-z));}
.translate-y-10{--w-translate-y:1rem;transform:translateX(var(--w-translate-x)) translateY(var(--w-translate-y)) translateZ(var(--w-translate-z)) rotate(var(--w-rotate)) rotateX(var(--w-rotate-x)) rotateY(var(--w-rotate-y)) rotateZ(var(--w-rotate-z)) skewX(var(--w-skew-x)) skewY(var(--w-skew-y)) scaleX(var(--w-scale-x)) scaleY(var(--w-scale-y)) scaleZ(var(--w-scale-z));}
.translate-y-112{--w-translate-y:11.2rem;transform:translateX(var(--w-translate-x)) translateY(var(--w-translate-y)) translateZ(var(--w-translate-z)) rotate(var(--w-rotate)) rotateX(var(--w-rotate-x)) rotateY(var(--w-rotate-y)) rotateZ(var(--w-rotate-z)) skewX(var(--w-skew-x)) skewY(var(--w-skew-y)) scaleX(var(--w-scale-x)) scaleY(var(--w-scale-y)) scaleZ(var(--w-scale-z));}
.translate-y-12{--w-translate-y:1.2rem;transform:translateX(var(--w-translate-x)) translateY(var(--w-translate-y)) translateZ(var(--w-translate-z)) rotate(var(--w-rotate)) rotateX(var(--w-rotate-x)) rotateY(var(--w-rotate-y)) rotateZ(var(--w-rotate-z)) skewX(var(--w-skew-x)) skewY(var(--w-skew-y)) scaleX(var(--w-scale-x)) scaleY(var(--w-scale-y)) scaleZ(var(--w-scale-z));}
.translate-y-128{--w-translate-y:12.8rem;transform:translateX(var(--w-translate-x)) translateY(var(--w-translate-y)) translateZ(var(--w-translate-z)) rotate(var(--w-rotate)) rotateX(var(--w-rotate-x)) rotateY(var(--w-rotate-y)) rotateZ(var(--w-rotate-z)) skewX(var(--w-skew-x)) skewY(var(--w-skew-y)) scaleX(var(--w-scale-x)) scaleY(var(--w-scale-y)) scaleZ(var(--w-scale-z));}
.translate-y-14{--w-translate-y:1.4rem;transform:translateX(var(--w-translate-x)) translateY(var(--w-translate-y)) translateZ(var(--w-translate-z)) rotate(var(--w-rotate)) rotateX(var(--w-rotate-x)) rotateY(var(--w-rotate-y)) rotateZ(var(--w-rotate-z)) skewX(var(--w-skew-x)) skewY(var(--w-skew-y)) scaleX(var(--w-scale-x)) scaleY(var(--w-scale-y)) scaleZ(var(--w-scale-z));}
.translate-y-144{--w-translate-y:14.4rem;transform:translateX(var(--w-translate-x)) translateY(var(--w-translate-y)) translateZ(var(--w-translate-z)) rotate(var(--w-rotate)) rotateX(var(--w-rotate-x)) rotateY(var(--w-rotate-y)) rotateZ(var(--w-rotate-z)) skewX(var(--w-skew-x)) skewY(var(--w-skew-y)) scaleX(var(--w-scale-x)) scaleY(var(--w-scale-y)) scaleZ(var(--w-scale-z));}
.translate-y-16{--w-translate-y:1.6rem;transform:translateX(var(--w-translate-x)) translateY(var(--w-translate-y)) translateZ(var(--w-translate-z)) rotate(var(--w-rotate)) rotateX(var(--w-rotate-x)) rotateY(var(--w-rotate-y)) rotateZ(var(--w-rotate-z)) skewX(var(--w-skew-x)) skewY(var(--w-skew-y)) scaleX(var(--w-scale-x)) scaleY(var(--w-scale-y)) scaleZ(var(--w-scale-z));}
.translate-y-2{--w-translate-y:0.2rem;transform:translateX(var(--w-translate-x)) translateY(var(--w-translate-y)) translateZ(var(--w-translate-z)) rotate(var(--w-rotate)) rotateX(var(--w-rotate-x)) rotateY(var(--w-rotate-y)) rotateZ(var(--w-rotate-z)) skewX(var(--w-skew-x)) skewY(var(--w-skew-y)) scaleX(var(--w-scale-x)) scaleY(var(--w-scale-y)) scaleZ(var(--w-scale-z));}
.translate-y-2\\\\/3,
.translate-y-4\\\\/6{--w-translate-y:66.6666666667%;transform:translateX(var(--w-translate-x)) translateY(var(--w-translate-y)) translateZ(var(--w-translate-z)) rotate(var(--w-rotate)) rotateX(var(--w-rotate-x)) rotateY(var(--w-rotate-y)) rotateZ(var(--w-rotate-z)) skewX(var(--w-skew-x)) skewY(var(--w-skew-y)) scaleX(var(--w-scale-x)) scaleY(var(--w-scale-y)) scaleZ(var(--w-scale-z));}
.translate-y-2\\\\/5{--w-translate-y:40%;transform:translateX(var(--w-translate-x)) translateY(var(--w-translate-y)) translateZ(var(--w-translate-z)) rotate(var(--w-rotate)) rotateX(var(--w-rotate-x)) rotateY(var(--w-rotate-y)) rotateZ(var(--w-rotate-z)) skewX(var(--w-skew-x)) skewY(var(--w-skew-y)) scaleX(var(--w-scale-x)) scaleY(var(--w-scale-y)) scaleZ(var(--w-scale-z));}
.translate-y-20{--w-translate-y:2rem;transform:translateX(var(--w-translate-x)) translateY(var(--w-translate-y)) translateZ(var(--w-translate-z)) rotate(var(--w-rotate)) rotateX(var(--w-rotate-x)) rotateY(var(--w-rotate-y)) rotateZ(var(--w-rotate-z)) skewX(var(--w-skew-x)) skewY(var(--w-skew-y)) scaleX(var(--w-scale-x)) scaleY(var(--w-scale-y)) scaleZ(var(--w-scale-z));}
.translate-y-24{--w-translate-y:2.4rem;transform:translateX(var(--w-translate-x)) translateY(var(--w-translate-y)) translateZ(var(--w-translate-z)) rotate(var(--w-rotate)) rotateX(var(--w-rotate-x)) rotateY(var(--w-rotate-y)) rotateZ(var(--w-rotate-z)) skewX(var(--w-skew-x)) skewY(var(--w-skew-y)) scaleX(var(--w-scale-x)) scaleY(var(--w-scale-y)) scaleZ(var(--w-scale-z));}
.translate-y-28{--w-translate-y:2.8rem;transform:translateX(var(--w-translate-x)) translateY(var(--w-translate-y)) translateZ(var(--w-translate-z)) rotate(var(--w-rotate)) rotateX(var(--w-rotate-x)) rotateY(var(--w-rotate-y)) rotateZ(var(--w-rotate-z)) skewX(var(--w-skew-x)) skewY(var(--w-skew-y)) scaleX(var(--w-scale-x)) scaleY(var(--w-scale-y)) scaleZ(var(--w-scale-z));}
.translate-y-3\\\\/4{--w-translate-y:75%;transform:translateX(var(--w-translate-x)) translateY(var(--w-translate-y)) translateZ(var(--w-translate-z)) rotate(var(--w-rotate)) rotateX(var(--w-rotate-x)) rotateY(var(--w-rotate-y)) rotateZ(var(--w-rotate-z)) skewX(var(--w-skew-x)) skewY(var(--w-skew-y)) scaleX(var(--w-scale-x)) scaleY(var(--w-scale-y)) scaleZ(var(--w-scale-z));}
.translate-y-3\\\\/5{--w-translate-y:60%;transform:translateX(var(--w-translate-x)) translateY(var(--w-translate-y)) translateZ(var(--w-translate-z)) rotate(var(--w-rotate)) rotateX(var(--w-rotate-x)) rotateY(var(--w-rotate-y)) rotateZ(var(--w-rotate-z)) skewX(var(--w-skew-x)) skewY(var(--w-skew-y)) scaleX(var(--w-scale-x)) scaleY(var(--w-scale-y)) scaleZ(var(--w-scale-z));}
.translate-y-32{--w-translate-y:3.2rem;transform:translateX(var(--w-translate-x)) translateY(var(--w-translate-y)) translateZ(var(--w-translate-z)) rotate(var(--w-rotate)) rotateX(var(--w-rotate-x)) rotateY(var(--w-rotate-y)) rotateZ(var(--w-rotate-z)) skewX(var(--w-skew-x)) skewY(var(--w-skew-y)) scaleX(var(--w-scale-x)) scaleY(var(--w-scale-y)) scaleZ(var(--w-scale-z));}
.translate-y-4{--w-translate-y:0.4rem;transform:translateX(var(--w-translate-x)) translateY(var(--w-translate-y)) translateZ(var(--w-translate-z)) rotate(var(--w-rotate)) rotateX(var(--w-rotate-x)) rotateY(var(--w-rotate-y)) rotateZ(var(--w-rotate-z)) skewX(var(--w-skew-x)) skewY(var(--w-skew-y)) scaleX(var(--w-scale-x)) scaleY(var(--w-scale-y)) scaleZ(var(--w-scale-z));}
.translate-y-4\\\\/5{--w-translate-y:80%;transform:translateX(var(--w-translate-x)) translateY(var(--w-translate-y)) translateZ(var(--w-translate-z)) rotate(var(--w-rotate)) rotateX(var(--w-rotate-x)) rotateY(var(--w-rotate-y)) rotateZ(var(--w-rotate-z)) skewX(var(--w-skew-x)) skewY(var(--w-skew-y)) scaleX(var(--w-scale-x)) scaleY(var(--w-scale-y)) scaleZ(var(--w-scale-z));}
.translate-y-40{--w-translate-y:4rem;transform:translateX(var(--w-translate-x)) translateY(var(--w-translate-y)) translateZ(var(--w-translate-z)) rotate(var(--w-rotate)) rotateX(var(--w-rotate-x)) rotateY(var(--w-rotate-y)) rotateZ(var(--w-rotate-z)) skewX(var(--w-skew-x)) skewY(var(--w-skew-y)) scaleX(var(--w-scale-x)) scaleY(var(--w-scale-y)) scaleZ(var(--w-scale-z));}
.translate-y-44{--w-translate-y:4.4rem;transform:translateX(var(--w-translate-x)) translateY(var(--w-translate-y)) translateZ(var(--w-translate-z)) rotate(var(--w-rotate)) rotateX(var(--w-rotate-x)) rotateY(var(--w-rotate-y)) rotateZ(var(--w-rotate-z)) skewX(var(--w-skew-x)) skewY(var(--w-skew-y)) scaleX(var(--w-scale-x)) scaleY(var(--w-scale-y)) scaleZ(var(--w-scale-z));}
.translate-y-48{--w-translate-y:4.8rem;transform:translateX(var(--w-translate-x)) translateY(var(--w-translate-y)) translateZ(var(--w-translate-z)) rotate(var(--w-rotate)) rotateX(var(--w-rotate-x)) rotateY(var(--w-rotate-y)) rotateZ(var(--w-rotate-z)) skewX(var(--w-skew-x)) skewY(var(--w-skew-y)) scaleX(var(--w-scale-x)) scaleY(var(--w-scale-y)) scaleZ(var(--w-scale-z));}
.translate-y-5\\\\/6{--w-translate-y:83.3333333333%;transform:translateX(var(--w-translate-x)) translateY(var(--w-translate-y)) translateZ(var(--w-translate-z)) rotate(var(--w-rotate)) rotateX(var(--w-rotate-x)) rotateY(var(--w-rotate-y)) rotateZ(var(--w-rotate-z)) skewX(var(--w-skew-x)) skewY(var(--w-skew-y)) scaleX(var(--w-scale-x)) scaleY(var(--w-scale-y)) scaleZ(var(--w-scale-z));}
.translate-y-56{--w-translate-y:5.6rem;transform:translateX(var(--w-translate-x)) translateY(var(--w-translate-y)) translateZ(var(--w-translate-z)) rotate(var(--w-rotate)) rotateX(var(--w-rotate-x)) rotateY(var(--w-rotate-y)) rotateZ(var(--w-rotate-z)) skewX(var(--w-skew-x)) skewY(var(--w-skew-y)) scaleX(var(--w-scale-x)) scaleY(var(--w-scale-y)) scaleZ(var(--w-scale-z));}
.translate-y-6{--w-translate-y:0.6rem;transform:translateX(var(--w-translate-x)) translateY(var(--w-translate-y)) translateZ(var(--w-translate-z)) rotate(var(--w-rotate)) rotateX(var(--w-rotate-x)) rotateY(var(--w-rotate-y)) rotateZ(var(--w-rotate-z)) skewX(var(--w-skew-x)) skewY(var(--w-skew-y)) scaleX(var(--w-scale-x)) scaleY(var(--w-scale-y)) scaleZ(var(--w-scale-z));}
.translate-y-64{--w-translate-y:6.4rem;transform:translateX(var(--w-translate-x)) translateY(var(--w-translate-y)) translateZ(var(--w-translate-z)) rotate(var(--w-rotate)) rotateX(var(--w-rotate-x)) rotateY(var(--w-rotate-y)) rotateZ(var(--w-rotate-z)) skewX(var(--w-skew-x)) skewY(var(--w-skew-y)) scaleX(var(--w-scale-x)) scaleY(var(--w-scale-y)) scaleZ(var(--w-scale-z));}
.translate-y-8{--w-translate-y:0.8rem;transform:translateX(var(--w-translate-x)) translateY(var(--w-translate-y)) translateZ(var(--w-translate-z)) rotate(var(--w-rotate)) rotateX(var(--w-rotate-x)) rotateY(var(--w-rotate-y)) rotateZ(var(--w-rotate-z)) skewX(var(--w-skew-x)) skewY(var(--w-skew-y)) scaleX(var(--w-scale-x)) scaleY(var(--w-scale-y)) scaleZ(var(--w-scale-z));}
.translate-y-80{--w-translate-y:8rem;transform:translateX(var(--w-translate-x)) translateY(var(--w-translate-y)) translateZ(var(--w-translate-z)) rotate(var(--w-rotate)) rotateX(var(--w-rotate-x)) rotateY(var(--w-rotate-y)) rotateZ(var(--w-rotate-z)) skewX(var(--w-skew-x)) skewY(var(--w-skew-y)) scaleX(var(--w-scale-x)) scaleY(var(--w-scale-y)) scaleZ(var(--w-scale-z));}
.translate-y-96{--w-translate-y:9.6rem;transform:translateX(var(--w-translate-x)) translateY(var(--w-translate-y)) translateZ(var(--w-translate-z)) rotate(var(--w-rotate)) rotateX(var(--w-rotate-x)) rotateY(var(--w-rotate-y)) rotateZ(var(--w-rotate-z)) skewX(var(--w-skew-x)) skewY(var(--w-skew-y)) scaleX(var(--w-scale-x)) scaleY(var(--w-scale-y)) scaleZ(var(--w-scale-z));}"
`;
